// Vitest Snapshot v1, https://vitest.dev/guide/snapshot.html

exports[`computeChanlun v1 output identity > is byte-stable across the v2 refactor (never run vitest -u) 1`] = `
{
  "points": [],
  "vertices": [
    {
      "confirmed": true,
      "kind": "top",
      "price": 237.23,
      "time": "2024-07-15",
    },
    {
      "confirmed": true,
      "kind": "bottom",
      "price": 196,
      "time": "2024-08-05",
    },
    {
      "confirmed": true,
      "kind": "top",
      "price": 232.92,
      "time": "2024-08-29",
    },
    {
      "confirmed": true,
      "kind": "bottom",
      "price": 216.71,
      "time": "2024-09-09",
    },
    {
      "confirmed": true,
      "kind": "top",
      "price": 233.09,
      "time": "2024-09-20",
    },
    {
      "confirmed": true,
      "kind": "bottom",
      "price": 221.33,
      "time": "2024-10-07",
    },
    {
      "confirmed": true,
      "kind": "top",
      "price": 237.49,
      "time": "2024-10-15",
    },
    {
      "confirmed": true,
      "kind": "bottom",
      "price": 219.71,
      "time": "2024-11-04",
    },
    {
      "confirmed": true,
      "kind": "top",
      "price": 260.1,
      "time": "2024-12-26",
    },
    {
      "confirmed": true,
      "kind": "bottom",
      "price": 219.38,
      "time": "2025-01-21",
    },
    {
      "confirmed": true,
      "kind": "top",
      "price": 247.19,
      "time": "2025-01-31",
    },
    {
      "confirmed": true,
      "kind": "bottom",
      "price": 227.2,
      "time": "2025-02-10",
    },
    {
      "confirmed": true,
      "kind": "top",
      "price": 250,
      "time": "2025-02-25",
    },
    {
      "confirmed": true,
      "kind": "bottom",
      "price": 208.42,
      "time": "2025-03-13",
    },
    {
      "confirmed": true,
      "kind": "top",
      "price": 225.19,
      "time": "2025-04-02",
    },
    {
      "confirmed": true,
      "kind": "bottom",
      "price": 169.2101,
      "time": "2025-04-08",
    },
    {
      "confirmed": true,
      "kind": "top",
      "price": 214.56,
      "time": "2025-05-01",
    },
    {
      "confirmed": true,
      "kind": "bottom",
      "price": 193.25,
      "time": "2025-05-07",
    },
    {
      "confirmed": true,
      "kind": "top",
      "price": 213.94,
      "time": "2025-05-14",
    },
    {
      "confirmed": true,
      "kind": "bottom",
      "price": 193.46,
      "time": "2025-05-23",
    },
    {
      "confirmed": true,
      "kind": "top",
      "price": 206.24,
      "time": "2025-06-04",
    },
    {
      "confirmed": true,
      "kind": "bottom",
      "price": 195.07,
      "time": "2025-06-18",
    },
    {
      "confirmed": true,
      "kind": "top",
      "price": 216.23,
      "time": "2025-07-07",
    },
    {
      "confirmed": true,
      "kind": "bottom",
      "price": 201.5,
      "time": "2025-08-01",
    },
    {
      "confirmed": true,
      "kind": "top",
      "price": 235.12,
      "time": "2025-08-14",
    },
    {
      "confirmed": true,
      "kind": "bottom",
      "price": 225.95,
      "time": "2025-09-10",
    },
    {
      "confirmed": true,
      "kind": "top",
      "price": 259.07,
      "time": "2025-10-06",
    },
    {
      "confirmed": true,
      "kind": "bottom",
      "price": 245.13,
      "time": "2025-10-16",
    },
    {
      "confirmed": true,
      "kind": "top",
      "price": 277.32,
      "time": "2025-10-31",
    },
    {
      "confirmed": true,
      "kind": "bottom",
      "price": 265.32,
      "time": "2025-11-18",
    },
    {
      "confirmed": true,
      "kind": "top",
      "price": 288.62,
      "time": "2025-12-03",
    },
    {
      "confirmed": true,
      "kind": "bottom",
      "price": 243.42,
      "time": "2026-01-20",
    },
    {
      "confirmed": true,
      "kind": "top",
      "price": 280.905,
      "time": "2026-02-06",
    },
    {
      "confirmed": true,
      "kind": "bottom",
      "price": 255.45,
      "time": "2026-02-13",
    },
    {
      "confirmed": true,
      "kind": "top",
      "price": 276.11,
      "time": "2026-02-26",
    },
    {
      "confirmed": true,
      "kind": "bottom",
      "price": 245.51,
      "time": "2026-03-30",
    },
    {
      "confirmed": true,
      "kind": "top",
      "price": 275.77,
      "time": "2026-04-23",
    },
    {
      "confirmed": true,
      "kind": "bottom",
      "price": 267.04,
      "time": "2026-04-29",
    },
    {
      "confirmed": true,
      "kind": "top",
      "price": 316.94,
      "time": "2026-06-03",
    },
    {
      "confirmed": true,
      "kind": "bottom",
      "price": 273.75,
      "time": "2026-06-25",
    },
    {
      "confirmed": false,
      "kind": "top",
      "price": 316.91,
      "time": "2026-07-10",
    },
  ],
  "zhongshus": [
    {
      "confirmed": true,
      "end": "2025-04-08",
      "start": "2024-07-15",
      "zd": 216.71,
      "zg": 232.92,
    },
    {
      "confirmed": true,
      "end": "2025-08-14",
      "start": "2025-04-08",
      "zd": 193.25,
      "zg": 213.94,
    },
    {
      "confirmed": true,
      "end": "2025-10-31",
      "start": "2025-09-10",
      "zd": 245.13,
      "zg": 259.07,
    },
    {
      "confirmed": false,
      "end": "2026-07-10",
      "start": "2025-10-31",
      "zd": 265.32,
      "zg": 277.32,
    },
  ],
}
`;
