// Vitest Snapshot v1, https://vitest.dev/guide/snapshot.html

exports[`query-string URLs are unchanged 1`] = `
[
  "/api/cockpit/SPY/state?asof=2026-05-15",
  "/api/cockpit/SPY/state",
  "/api/cockpit/SPY/state",
  "/api/cockpit/SPY/dealer?asof=2026-05-15",
  "/api/cockpit/SPY/surface?asof=2026-05-15",
  "/api/cockpit/SPY/flow-im?asof=2026-05-15",
  "/api/cockpit/SPY/vrp?asof=2026-05-15",
  "/api/cockpit/SPY/vrp",
  "/api/gold/inputs/DFII10",
  "/api/gold/inputs/DFII10?from=2026-01-01&to=2026-02-01&as_of=2026-02-02",
  "/api/gold/inputs/DFII10?as_of=2026-02-02",
  "/api/scanner/radar",
  "/api/scanner/radar?limit=0&min_dimensions=3",
  "/api/scanner/radar?tier=A&engine_version=v2%26x%3D1&limit=50&min_dimensions=0",
  "/api/research/chains/matrix",
  "/api/research/chains/matrix?taxonomy_version=t1&engine_version=e1&domain=ai%2Fsemi",
  "/api/research/chains/AI%20chips%2FHBM",
  "/api/research/chains/x%26y?layer=memory&engine_version=e1",
  "/api/health?source=uw",
  "/api/health?source=massive&record_window_hours=0&record_min_coverage=0.9",
  "/api/research/reports/company/AAPL?as_of=2026-05-15",
  "/api/research/reports/company/AAPL",
  "/api/stock/AAPL/fundamentals/dimensions",
  "/api/stock/AAPL/fundamentals/dimensions?engine_version=fund-v2%2Fb",
  "/api/regime/gex?ticker=BRK.B",
  "/api/regime/dealer?ticker=SPX",
  "/api/vrp/backtest",
  "/api/vrp/backtest?hold_days=0",
  "/api/fundamentals/ai-semi/delta",
  "/api/fundamentals/ai-semi/delta?since=2026-05-01",
  "/api/research/reports?limit=25",
  "/api/health/benchmark/history?hours=24",
  "/api/agent-runs/weeks?tenant=flash&limit=52",
  "/api/agent-runs/week/2026-W20?tenant=flash",
  "/api/agent-runs/run/daily/2026-05-15?tenant=flash",
  "/api/agent-runs/run/daily/2026-05-15?tenant=fl%26sh&version=0",
  "/api/agent-runs/latest?tenant=flash",
  "/api/agent-runs/latest?tenant=flash&kind=a%20b",
]
`;
